Warp 1.18.0 initialized:
   CUDA Toolkit 13.4, Driver 13.4
   Devices:
     "cpu"      : "CPU"
     "cuda:0"   : "NVIDIA GeForce RTX 4070 Ti" (12 GiB, sm_89, mempool enabled)
   Kernel cache:
     /tmp/asquerix-warp-cache/1.18.0
Module asquerix.gpu 1455034 load on device 'cuda:0' took 3.36 ms  (cached)
Module asquerix.gpu ff2a04c load on device 'cuda:0' took 2.67 ms  (cached)
Completed 16/32 trials; best numerical side=4.1505913734436035
Completed 32/32 trials; best numerical side=4.018752574920654
Completed 16/32 trials; best numerical side=4.219933032989502
Completed 32/32 trials; best numerical side=4.219933032989502
Completed 16/32 trials; best numerical side=4.756441116333008
Completed 32/32 trials; best numerical side=4.756441116333008
Completed 512/12288 trials; best numerical side=4.000207901000977
Completed 1024/12288 trials; best numerical side=4.000207901000977
Completed 1536/12288 trials; best numerical side=4.000207901000977
Completed 2048/12288 trials; best numerical side=4.000207901000977
Completed 2560/12288 trials; best numerical side=4.000207901000977
Completed 3072/12288 trials; best numerical side=4.000207901000977
Completed 3584/12288 trials; best numerical side=4.000207901000977
Completed 4096/12288 trials; best numerical side=4.0002007484436035
Completed 4608/12288 trials; best numerical side=4.0002007484436035
Completed 5120/12288 trials; best numerical side=4.0002007484436035
Completed 5632/12288 trials; best numerical side=4.0002007484436035
Completed 6144/12288 trials; best numerical side=4.0002007484436035
Completed 6656/12288 trials; best numerical side=4.000200271606445
Completed 7168/12288 trials; best numerical side=4.000200271606445
Completed 7680/12288 trials; best numerical side=4.000200271606445
Completed 8192/12288 trials; best numerical side=4.000200271606445
Completed 8704/12288 trials; best numerical side=4.000200271606445
Completed 9216/12288 trials; best numerical side=4.000200271606445
Completed 9728/12288 trials; best numerical side=4.000200271606445
Completed 10240/12288 trials; best numerical side=4.000200271606445
Completed 10752/12288 trials; best numerical side=4.000200271606445
Completed 11264/12288 trials; best numerical side=4.000200271606445
Completed 11776/12288 trials; best numerical side=4.000200271606445
Completed 12288/12288 trials; best numerical side=4.000200271606445
Completed 512/12288 trials; best numerical side=4.000207901000977
Completed 1024/12288 trials; best numerical side=4.000207901000977
Completed 1536/12288 trials; best numerical side=4.000207901000977
Completed 2048/12288 trials; best numerical side=4.000207901000977
Completed 2560/12288 trials; best numerical side=4.000207901000977
Completed 3072/12288 trials; best numerical side=4.000207901000977
Completed 3584/12288 trials; best numerical side=4.000207901000977
Completed 4096/12288 trials; best numerical side=4.0002007484436035
Completed 4608/12288 trials; best numerical side=4.0002007484436035
Completed 5120/12288 trials; best numerical side=4.0002007484436035
Completed 5632/12288 trials; best numerical side=4.0002007484436035
Completed 6144/12288 trials; best numerical side=4.0002007484436035
Completed 6656/12288 trials; best numerical side=4.000200271606445
Completed 7168/12288 trials; best numerical side=4.000200271606445
Completed 7680/12288 trials; best numerical side=4.000200271606445
Completed 8192/12288 trials; best numerical side=4.000200271606445
Completed 8704/12288 trials; best numerical side=4.000200271606445
Completed 9216/12288 trials; best numerical side=4.000200271606445
Completed 9728/12288 trials; best numerical side=4.000200271606445
Completed 10240/12288 trials; best numerical side=4.000200271606445
Completed 10752/12288 trials; best numerical side=4.000200271606445
Completed 11264/12288 trials; best numerical side=4.000200271606445
Completed 11776/12288 trials; best numerical side=4.000200271606445
Completed 12288/12288 trials; best numerical side=4.000200271606445
Completed 512/12288 trials; best numerical side=4.000207901000977
Completed 1024/12288 trials; best numerical side=4.000207901000977
Completed 1536/12288 trials; best numerical side=4.000207901000977
Completed 2048/12288 trials; best numerical side=4.000207901000977
Completed 2560/12288 trials; best numerical side=4.000207901000977
Completed 3072/12288 trials; best numerical side=4.000207901000977
Completed 3584/12288 trials; best numerical side=4.000207901000977
Completed 4096/12288 trials; best numerical side=4.0002007484436035
Completed 4608/12288 trials; best numerical side=4.0002007484436035
Completed 5120/12288 trials; best numerical side=4.0002007484436035
Completed 5632/12288 trials; best numerical side=4.0002007484436035
Completed 6144/12288 trials; best numerical side=4.0002007484436035
Completed 6656/12288 trials; best numerical side=4.000200271606445
Completed 7168/12288 trials; best numerical side=4.000200271606445
Completed 7680/12288 trials; best numerical side=4.000200271606445
Completed 8192/12288 trials; best numerical side=4.000200271606445
Completed 8704/12288 trials; best numerical side=4.000200271606445
Completed 9216/12288 trials; best numerical side=4.000200271606445
Completed 9728/12288 trials; best numerical side=4.000200271606445
Completed 10240/12288 trials; best numerical side=4.000200271606445
Completed 10752/12288 trials; best numerical side=4.000200271606445
Completed 11264/12288 trials; best numerical side=4.000200271606445
Completed 11776/12288 trials; best numerical side=4.000200271606445
Completed 12288/12288 trials; best numerical side=4.000200271606445
Completed 128/12288 trials; best numerical side=4.22853422164917
Completed 256/12288 trials; best numerical side=4.098037242889404
Completed 384/12288 trials; best numerical side=4.098037242889404
Completed 512/12288 trials; best numerical side=4.000207901000977
Completed 640/12288 trials; best numerical side=4.000207901000977
Completed 768/12288 trials; best numerical side=4.000207901000977
Completed 896/12288 trials; best numerical side=4.000207901000977
Completed 1024/12288 trials; best numerical side=4.000207901000977
Completed 1152/12288 trials; best numerical side=4.000207901000977
Completed 1280/12288 trials; best numerical side=4.000207901000977
Completed 1408/12288 trials; best numerical side=4.000207901000977
Completed 1536/12288 trials; best numerical side=4.000207901000977
Completed 1664/12288 trials; best numerical side=4.000207901000977
Completed 1792/12288 trials; best numerical side=4.000207901000977
Completed 1920/12288 trials; best numerical side=4.000207901000977
Completed 2048/12288 trials; best numerical side=4.000207901000977
Completed 2176/12288 trials; best numerical side=4.000207901000977
Completed 2304/12288 trials; best numerical side=4.000207901000977
Completed 2432/12288 trials; best numerical side=4.000207901000977
Completed 2560/12288 trials; best numerical side=4.000207901000977
Completed 2688/12288 trials; best numerical side=4.000207901000977
Completed 2816/12288 trials; best numerical side=4.000207901000977
Completed 2944/12288 trials; best numerical side=4.000207901000977
Completed 3072/12288 trials; best numerical side=4.000207901000977
Completed 3200/12288 trials; best numerical side=4.000207901000977
Completed 3328/12288 trials; best numerical side=4.000207901000977
Completed 3456/12288 trials; best numerical side=4.000207901000977
Completed 3584/12288 trials; best numerical side=4.000207901000977
Completed 3712/12288 trials; best numerical side=4.000207901000977
Completed 3840/12288 trials; best numerical side=4.0002007484436035
Completed 3968/12288 trials; best numerical side=4.0002007484436035
Completed 4096/12288 trials; best numerical side=4.0002007484436035
Completed 4224/12288 trials; best numerical side=4.0002007484436035
Completed 4352/12288 trials; best numerical side=4.0002007484436035
Completed 4480/12288 trials; best numerical side=4.0002007484436035
Completed 4608/12288 trials; best numerical side=4.0002007484436035
Completed 4736/12288 trials; best numerical side=4.0002007484436035
Completed 4864/12288 trials; best numerical side=4.0002007484436035
Completed 4992/12288 trials; best numerical side=4.0002007484436035
Completed 5120/12288 trials; best numerical side=4.0002007484436035
Completed 5248/12288 trials; best numerical side=4.0002007484436035
Completed 5376/12288 trials; best numerical side=4.0002007484436035
Completed 5504/12288 trials; best numerical side=4.0002007484436035
Completed 5632/12288 trials; best numerical side=4.0002007484436035
Completed 5760/12288 trials; best numerical side=4.0002007484436035
Completed 5888/12288 trials; best numerical side=4.0002007484436035
Completed 6016/12288 trials; best numerical side=4.0002007484436035
Completed 6144/12288 trials; best numerical side=4.0002007484436035
Completed 6272/12288 trials; best numerical side=4.000200271606445
Completed 6400/12288 trials; best numerical side=4.000200271606445
Completed 6528/12288 trials; best numerical side=4.000200271606445
Completed 6656/12288 trials; best numerical side=4.000200271606445
Completed 6784/12288 trials; best numerical side=4.000200271606445
Completed 6912/12288 trials; best numerical side=4.000200271606445
Completed 7040/12288 trials; best numerical side=4.000200271606445
Completed 7168/12288 trials; best numerical side=4.000200271606445
Completed 7296/12288 trials; best numerical side=4.000200271606445
Completed 7424/12288 trials; best numerical side=4.000200271606445
Completed 7552/12288 trials; best numerical side=4.000200271606445
Completed 7680/12288 trials; best numerical side=4.000200271606445
Completed 7808/12288 trials; best numerical side=4.000200271606445
Completed 7936/12288 trials; best numerical side=4.000200271606445
Completed 8064/12288 trials; best numerical side=4.000200271606445
Completed 8192/12288 trials; best numerical side=4.000200271606445
Completed 8320/12288 trials; best numerical side=4.000200271606445
Completed 8448/12288 trials; best numerical side=4.000200271606445
Completed 8576/12288 trials; best numerical side=4.000200271606445
Completed 8704/12288 trials; best numerical side=4.000200271606445
Completed 8832/12288 trials; best numerical side=4.000200271606445
Completed 8960/12288 trials; best numerical side=4.000200271606445
Completed 9088/12288 trials; best numerical side=4.000200271606445
Completed 9216/12288 trials; best numerical side=4.000200271606445
Completed 9344/12288 trials; best numerical side=4.000200271606445
Completed 9472/12288 trials; best numerical side=4.000200271606445
Completed 9600/12288 trials; best numerical side=4.000200271606445
Completed 9728/12288 trials; best numerical side=4.000200271606445
Completed 9856/12288 trials; best numerical side=4.000200271606445
Completed 9984/12288 trials; best numerical side=4.000200271606445
Completed 10112/12288 trials; best numerical side=4.000200271606445
Completed 10240/12288 trials; best numerical side=4.000200271606445
Completed 10368/12288 trials; best numerical side=4.000200271606445
Completed 10496/12288 trials; best numerical side=4.000200271606445
Completed 10624/12288 trials; best numerical side=4.000200271606445
Completed 10752/12288 trials; best numerical side=4.000200271606445
Completed 10880/12288 trials; best numerical side=4.000200271606445
Completed 11008/12288 trials; best numerical side=4.000200271606445
Completed 11136/12288 trials; best numerical side=4.000200271606445
Completed 11264/12288 trials; best numerical side=4.000200271606445
Completed 11392/12288 trials; best numerical side=4.000200271606445
Completed 11520/12288 trials; best numerical side=4.000200271606445
Completed 11648/12288 trials; best numerical side=4.000200271606445
Completed 11776/12288 trials; best numerical side=4.000200271606445
Completed 11904/12288 trials; best numerical side=4.000200271606445
Completed 12032/12288 trials; best numerical side=4.000200271606445
Completed 12160/12288 trials; best numerical side=4.000200271606445
Completed 12288/12288 trials; best numerical side=4.000200271606445
Completed 8/64 trials; best numerical side=4.22853422164917
Completed 4/4 trials; best numerical side=none
