Warp 1.18.0 initialized:
   CUDA Toolkit 13.4, Driver 13.4
   Devices:
     "cpu"      : "CPU"
     "cuda:0"   : "NVIDIA GeForce RTX 4070 Ti" (12 GiB, sm_89, mempool enabled)
   Kernel cache:
     /tmp/asquerix-warp-cache/1.18.0
Module asquerix.gpu c72ae0f load on device 'cuda:0' took 3.59 ms  (cached)
Module asquerix.gpu 00b6689 load on device 'cuda:0' took 2.44 ms  (cached)
Completed 8/8 trials; best numerical side=4.289059162139893
Completed 8/8 trials; best numerical side=4.9419965744018555
Completed 8/512 trials; best numerical side=4.22853422164917
Completed 16/512 trials; best numerical side=4.22853422164917
Completed 24/512 trials; best numerical side=4.22853422164917
Completed 32/512 trials; best numerical side=4.22853422164917
Completed 40/512 trials; best numerical side=4.22853422164917
Completed 48/512 trials; best numerical side=4.22853422164917
Completed 56/512 trials; best numerical side=4.22853422164917
Completed 64/512 trials; best numerical side=4.22853422164917
Completed 72/512 trials; best numerical side=4.22853422164917
Completed 80/512 trials; best numerical side=4.22853422164917
Completed 88/512 trials; best numerical side=4.22853422164917
Completed 96/512 trials; best numerical side=4.22853422164917
Completed 104/512 trials; best numerical side=4.22853422164917
Completed 112/512 trials; best numerical side=4.22853422164917
Completed 120/512 trials; best numerical side=4.22853422164917
Completed 128/512 trials; best numerical side=4.22853422164917
Completed 136/512 trials; best numerical side=4.22853422164917
Completed 144/512 trials; best numerical side=4.1554670333862305
Completed 152/512 trials; best numerical side=4.1554670333862305
Completed 160/512 trials; best numerical side=4.1554670333862305
Completed 168/512 trials; best numerical side=4.1554670333862305
Completed 176/512 trials; best numerical side=4.1554670333862305
Completed 184/512 trials; best numerical side=4.1554670333862305
Completed 192/512 trials; best numerical side=4.098037242889404
Completed 200/512 trials; best numerical side=4.098037242889404
Completed 208/512 trials; best numerical side=4.098037242889404
Completed 216/512 trials; best numerical side=4.098037242889404
Completed 224/512 trials; best numerical side=4.098037242889404
Completed 232/512 trials; best numerical side=4.098037242889404
Completed 240/512 trials; best numerical side=4.098037242889404
Completed 248/512 trials; best numerical side=4.098037242889404
Completed 256/512 trials; best numerical side=4.098037242889404
Completed 264/512 trials; best numerical side=4.098037242889404
Completed 272/512 trials; best numerical side=4.098037242889404
Completed 280/512 trials; best numerical side=4.098037242889404
Completed 288/512 trials; best numerical side=4.098037242889404
Completed 296/512 trials; best numerical side=4.098037242889404
Completed 304/512 trials; best numerical side=4.098037242889404
Completed 312/512 trials; best numerical side=4.098037242889404
Completed 320/512 trials; best numerical side=4.098037242889404
Completed 328/512 trials; best numerical side=4.098037242889404
Completed 336/512 trials; best numerical side=4.098037242889404
Completed 344/512 trials; best numerical side=4.098037242889404
Completed 352/512 trials; best numerical side=4.098037242889404
Completed 360/512 trials; best numerical side=4.098037242889404
Completed 368/512 trials; best numerical side=4.098037242889404
Completed 376/512 trials; best numerical side=4.098037242889404
Completed 384/512 trials; best numerical side=4.098037242889404
Completed 392/512 trials; best numerical side=4.098037242889404
Completed 400/512 trials; best numerical side=4.098037242889404
Completed 408/512 trials; best numerical side=4.098037242889404
Completed 416/512 trials; best numerical side=4.098037242889404
Completed 424/512 trials; best numerical side=4.022663593292236
Completed 432/512 trials; best numerical side=4.022663593292236
Completed 440/512 trials; best numerical side=4.022663593292236
Completed 448/512 trials; best numerical side=4.022663593292236
Completed 456/512 trials; best numerical side=4.022663593292236
Completed 464/512 trials; best numerical side=4.022663593292236
Completed 472/512 trials; best numerical side=4.022663593292236
Completed 480/512 trials; best numerical side=4.000207901000977
Completed 488/512 trials; best numerical side=4.000207901000977
Completed 496/512 trials; best numerical side=4.000207901000977
Completed 504/512 trials; best numerical side=4.000207901000977
Completed 512/512 trials; best numerical side=4.000207901000977
Completed 32/512 trials; best numerical side=4.22853422164917
Completed 64/512 trials; best numerical side=4.22853422164917
Completed 96/512 trials; best numerical side=4.22853422164917
Completed 128/512 trials; best numerical side=4.22853422164917
Completed 160/512 trials; best numerical side=4.1554670333862305
Completed 192/512 trials; best numerical side=4.098037242889404
Completed 224/512 trials; best numerical side=4.098037242889404
Completed 256/512 trials; best numerical side=4.098037242889404
Completed 288/512 trials; best numerical side=4.098037242889404
Completed 320/512 trials; best numerical side=4.098037242889404
Completed 352/512 trials; best numerical side=4.098037242889404
Completed 384/512 trials; best numerical side=4.098037242889404
Completed 416/512 trials; best numerical side=4.098037242889404
Completed 448/512 trials; best numerical side=4.022663593292236
Completed 480/512 trials; best numerical side=4.000207901000977
Completed 512/512 trials; best numerical side=4.000207901000977
Completed 128/512 trials; best numerical side=4.22853422164917
Completed 256/512 trials; best numerical side=4.098037242889404
Completed 384/512 trials; best numerical side=4.098037242889404
Completed 512/512 trials; best numerical side=4.000207901000977
Completed 512/512 trials; best numerical side=4.000207901000977
Completed 512/512 trials; best numerical side=4.000207901000977
Completed 512/512 trials; best numerical side=4.000207901000977
Completed 512/512 trials; best numerical side=4.000207901000977
Completed 512/512 trials; best numerical side=4.0002007484436035
Completed 512/512 trials; best numerical side=4.58729362487793
