Warp 1.18.0 initialized:
   CUDA Toolkit 13.4, Driver 13.4
   Devices:
     "cpu"      : "CPU"
     "cuda:0"   : "NVIDIA GeForce RTX 4070 Ti" (12 GiB, sm_89, mempool enabled)
   Kernel cache:
     /tmp/asquerix-warp-cache/1.18.0
Module asquerix.gpu c72ae0f load on device 'cuda:0' took 4.25 ms  (cached)
Module asquerix.gpu 00b6689 load on device 'cuda:0' took 2.70 ms  (cached)
Completed 8/8 trials; best numerical side=4.22853422164917
{
  "directory": "runs/short",
  "throughput": {
    "simulation_seconds": {
      "seconds": 1.0354234479891602,
      "attempted_trials_per_second": 7.726307546479044,
      "gpu_feasible_trials_per_second": 7.726307546479044,
      "meaning": "Amortized throughput over the synchronized simulation interval; not individual-trial latency."
    },
    "device_seconds": {
      "seconds": 1.035326416015625,
      "attempted_trials_per_second": 7.7270316648418875,
      "gpu_feasible_trials_per_second": 7.7270316648418875,
      "meaning": "Amortized throughput over the synchronized device timing interval; not individual-trial latency."
    },
    "end_to_end_seconds": {
      "seconds": 2.4489213429915253,
      "attempted_trials_per_second": 3.2667443660021567,
      "gpu_feasible_trials_per_second": 3.2667443660021567,
      "meaning": "Amortized throughput over the end-to-end wall-clock interval; not individual-trial latency."
    }
  },
  "statistics": {
    "gpu_accepted": {
      "count": 8,
      "best": 4.22853422164917,
      "min": 4.22853422164917,
      "max": 4.561721324920654,
      "worst": 4.561721324920654,
      "mean": 4.443541049957275,
      "median": 4.465832233428955,
      "q05": 4.256964612007141,
      "q25": 4.389762759208679,
      "q75": 4.549373745918274,
      "q95": 4.558170342445374,
      "quantiles": {
        "q05": 4.256964612007141,
        "q25": 4.389762759208679,
        "q50": 4.465832233428955,
        "q75": 4.549373745918274,
        "q95": 4.558170342445374
      }
    },
    "numerically_validated": {
      "count": 8,
      "best": 4.22853422164917,
      "min": 4.22853422164917,
      "max": 4.561721324920654,
      "worst": 4.561721324920654,
      "mean": 4.443541049957275,
      "median": 4.465832233428955,
      "q05": 4.256964612007141,
      "q25": 4.389762759208679,
      "q75": 4.549373745918274,
      "q95": 4.558170342445374,
      "quantiles": {
        "q05": 4.256964612007141,
        "q25": 4.389762759208679,
        "q50": 4.465832233428955,
        "q75": 4.549373745918274,
        "q95": 4.558170342445374
      }
    }
  }
}
