Workers ready: GPU-6c849b47-7111-9265-9d42-ff8eddc05a2d, GPU-81ac6e96-0bfe-390d-beb1-241466569d6b
N=12 baseline A: executing 262144 unique trials
N=12 baseline A repeat=0: COMPLETE, 262144 unique trials, 21.960030s
N=12 baseline B: executing 262144 unique trials
N=12 baseline B repeat=0: COMPLETE, 262144 unique trials, 21.803882s
N=12 baseline dual: executing 262144 unique trials
N=12 baseline dual repeat=0: COMPLETE, 262144 unique trials, 10.964367s
N=12 baseline B: executing 262144 unique trials
N=12 baseline B repeat=1: COMPLETE, 262144 unique trials, 21.791171s
N=12 baseline dual: executing 262144 unique trials
N=12 baseline dual repeat=1: COMPLETE, 262144 unique trials, 10.988596s
N=12 baseline A: executing 262144 unique trials
N=12 baseline A repeat=1: COMPLETE, 262144 unique trials, 21.920095s
N=12 baseline dual: executing 262144 unique trials
N=12 baseline dual repeat=2: COMPLETE, 262144 unique trials, 10.963720s
N=12 baseline A: executing 262144 unique trials
N=12 baseline A repeat=2: COMPLETE, 262144 unique trials, 21.952564s
N=12 baseline B: executing 262144 unique trials
N=12 baseline B repeat=2: COMPLETE, 262144 unique trials, 21.788559s
N=16 baseline A: executing 262144 unique trials
N=16 baseline A repeat=0: COMPLETE, 262144 unique trials, 38.779688s
N=16 baseline B: executing 262144 unique trials
N=16 baseline B repeat=0: COMPLETE, 262144 unique trials, 38.467678s
N=16 baseline dual: executing 262144 unique trials
N=16 baseline dual repeat=0: COMPLETE, 262144 unique trials, 19.340930s
N=16 baseline B: executing 262144 unique trials
N=16 baseline B repeat=1: COMPLETE, 262144 unique trials, 38.597612s
N=16 baseline dual: executing 262144 unique trials
N=16 baseline dual repeat=1: COMPLETE, 262144 unique trials, 19.337396s
N=16 baseline A: executing 262144 unique trials
N=16 baseline A repeat=1: COMPLETE, 262144 unique trials, 38.745084s
N=16 baseline dual: executing 262144 unique trials
N=16 baseline dual repeat=2: COMPLETE, 262144 unique trials, 19.375194s
N=16 baseline A: executing 262144 unique trials
N=16 baseline A repeat=2: COMPLETE, 262144 unique trials, 38.795481s
N=16 baseline B: executing 262144 unique trials
N=16 baseline B repeat=2: COMPLETE, 262144 unique trials, 38.454670s
Saved COMPLETE: artifacts/performance/dual4090-20261009T005128Z/compute-principal/measurements.json.gz; arrays: runs/dual4090-compute-principal
