Workers ready: GPU-6c849b47-7111-9265-9d42-ff8eddc05a2d, GPU-81ac6e96-0bfe-390d-beb1-241466569d6b
N=12 baseline A: executing 524288 unique trials
N=12 baseline A repeat=0: COMPLETE, 524288 unique trials, 56.281307s
N=12 host A: executing 524288 unique trials
N=12 host A repeat=0: COMPLETE, 524288 unique trials, 52.607466s
N=12 baseline B: executing 524288 unique trials
N=12 baseline B repeat=0: COMPLETE, 524288 unique trials, 55.834520s
N=12 host B: executing 524288 unique trials
N=12 host B repeat=0: COMPLETE, 524288 unique trials, 52.228295s
N=12 baseline dual: executing 524288 unique trials
N=12 baseline dual repeat=0: COMPLETE, 524288 unique trials, 29.172776s
N=12 host dual: executing 524288 unique trials
N=12 host dual repeat=0: COMPLETE, 524288 unique trials, 27.384592s
N=12 host B: executing 524288 unique trials
N=12 host B repeat=1: COMPLETE, 524288 unique trials, 52.650630s
N=12 baseline B: executing 524288 unique trials
N=12 baseline B repeat=1: COMPLETE, 524288 unique trials, 56.161614s
N=12 host dual: executing 524288 unique trials
N=12 host dual repeat=1: COMPLETE, 524288 unique trials, 27.454416s
N=12 baseline dual: executing 524288 unique trials
N=12 baseline dual repeat=1: COMPLETE, 524288 unique trials, 29.183361s
N=12 host A: executing 524288 unique trials
N=12 host A repeat=1: COMPLETE, 524288 unique trials, 52.822137s
N=12 baseline A: executing 524288 unique trials
N=12 baseline A repeat=1: COMPLETE, 524288 unique trials, 56.077221s
N=12 baseline dual: executing 524288 unique trials
N=12 baseline dual repeat=2: COMPLETE, 524288 unique trials, 29.172422s
N=12 host dual: executing 524288 unique trials
N=12 host dual repeat=2: COMPLETE, 524288 unique trials, 27.464063s
N=12 baseline A: executing 524288 unique trials
N=12 baseline A repeat=2: COMPLETE, 524288 unique trials, 56.244377s
N=12 host A: executing 524288 unique trials
N=12 host A repeat=2: COMPLETE, 524288 unique trials, 53.002249s
N=12 baseline B: executing 524288 unique trials
N=12 baseline B repeat=2: COMPLETE, 524288 unique trials, 55.839766s
N=12 host B: executing 524288 unique trials
N=12 host B repeat=2: COMPLETE, 524288 unique trials, 52.600470s
N=16 baseline A: executing 524288 unique trials
N=16 baseline A repeat=0: COMPLETE, 524288 unique trials, 91.464113s
N=16 host A: executing 524288 unique trials
N=16 host A repeat=0: COMPLETE, 524288 unique trials, 88.228731s
N=16 baseline B: executing 524288 unique trials
N=16 baseline B repeat=0: COMPLETE, 524288 unique trials, 90.770248s
N=16 host B: executing 524288 unique trials
N=16 host B repeat=0: COMPLETE, 524288 unique trials, 87.714146s
N=16 baseline dual: executing 524288 unique trials
N=16 baseline dual repeat=0: COMPLETE, 524288 unique trials, 47.444218s
N=16 host dual: executing 524288 unique trials
N=16 host dual repeat=0: COMPLETE, 524288 unique trials, 45.835202s
N=16 host B: executing 524288 unique trials
N=16 host B repeat=1: COMPLETE, 524288 unique trials, 87.858752s
N=16 baseline B: executing 524288 unique trials
N=16 baseline B repeat=1: COMPLETE, 524288 unique trials, 90.979066s
N=16 host dual: executing 524288 unique trials
N=16 host dual repeat=1: COMPLETE, 524288 unique trials, 45.750740s
N=16 baseline dual: executing 524288 unique trials
N=16 baseline dual repeat=1: COMPLETE, 524288 unique trials, 47.664852s
N=16 host A: executing 524288 unique trials
N=16 host A repeat=1: COMPLETE, 524288 unique trials, 88.403356s
N=16 baseline A: executing 524288 unique trials
N=16 baseline A repeat=1: COMPLETE, 524288 unique trials, 91.461050s
N=16 baseline dual: executing 524288 unique trials
N=16 baseline dual repeat=2: COMPLETE, 524288 unique trials, 47.513550s
N=16 host dual: executing 524288 unique trials
N=16 host dual repeat=2: COMPLETE, 524288 unique trials, 45.826078s
N=16 baseline A: executing 524288 unique trials
N=16 baseline A repeat=2: COMPLETE, 524288 unique trials, 91.770337s
N=16 host A: executing 524288 unique trials
N=16 host A repeat=2: COMPLETE, 524288 unique trials, 88.546689s
N=16 baseline B: executing 524288 unique trials
N=16 baseline B repeat=2: COMPLETE, 524288 unique trials, 91.057084s
N=16 host B: executing 524288 unique trials
N=16 host B repeat=2: COMPLETE, 524288 unique trials, 87.593863s
Saved COMPLETE: artifacts/performance/dual4090-20261009T005128Z/pipeline-sustained/measurements.json.gz; arrays: runs/dual4090-pipeline-sustained
